Category: 📺央视频道, Name: CCTV-1, Total: 23, Valid: 12, Valid Percent: 52.17%, IPv4: 23, IPv6: 0, Min Delay: 36 ms, Max Speed: 28.69 M/s, Avg Speed: 2.91 M/s, Max Resolution: 1920x1080
Category: 📺央视频道, Name: CCTV-2, Total: 18, Valid: 12, Valid Percent: 66.67%, IPv4: 18, IPv6: 0, Min Delay: 24 ms, Max Speed: 41.47 M/s, Avg Speed: 9.88 M/s, Max Resolution: 1920x1080
Category: 📺央视频道, Name: CCTV-3, Total: 18, Valid: 11, Valid Percent: 61.11%, IPv4: 18, IPv6: 0, Min Delay: 33 ms, Max Speed: 31.37 M/s, Avg Speed: 3.36 M/s, Max Resolution: 1920x1080
Category: 📺央视频道, Name: CCTV-4, Total: 14, Valid: 8, Valid Percent: 57.14%, IPv4: 14, IPv6: 0, Min Delay: 468 ms, Max Speed: 5.10 M/s, Avg Speed: 0.80 M/s, Max Resolution: 1920x1080
Category: 📺央视频道, Name: CCTV-5, Total: 22, Valid: 12, Valid Percent: 54.55%, IPv4: 22, IPv6: 0, Min Delay: 36 ms, Max Speed: 33.32 M/s, Avg Speed: 4.40 M/s, Max Resolution: 1920x1080
Category: 📺央视频道, Name: CCTV-5+, Total: 18, Valid: 8, Valid Percent: 44.44%, IPv4: 18, IPv6: 0, Min Delay: 10003 ms, Max Speed: 0.23 M/s, Avg Speed: 0.10 M/s, Max Resolution: 1920x1080
Category: 📺央视频道, Name: CCTV-6, Total: 19, Valid: 10, Valid Percent: 52.63%, IPv4: 19, IPv6: 0, Min Delay: 1046 ms, Max Speed: 0.62 M/s, Avg Speed: 0.15 M/s, Max Resolution: 1920x1080
Category: 📺央视频道, Name: CCTV-7, Total: 16, Valid: 9, Valid Percent: 56.25%, IPv4: 16, IPv6: 0, Min Delay: 644 ms, Max Speed: 3.54 M/s, Avg Speed: 0.65 M/s, Max Resolution: 1920x1080
Category: 📺央视频道, Name: CCTV-8, Total: 13, Valid: 9, Valid Percent: 69.23%, IPv4: 13, IPv6: 0, Min Delay: 1115 ms, Max Speed: 1.63 M/s, Avg Speed: 0.31 M/s, Max Resolution: 1920x1080
Category: 📺央视频道, Name: CCTV-9, Total: 15, Valid: 10, Valid Percent: 66.67%, IPv4: 15, IPv6: 0, Min Delay: 63 ms, Max Speed: 15.03 M/s, Avg Speed: 1.84 M/s, Max Resolution: 1920x1080
Category: 📺央视频道, Name: CCTV-10, Total: 14, Valid: 8, Valid Percent: 57.14%, IPv4: 14, IPv6: 0, Min Delay: 1003 ms, Max Speed: 0.78 M/s, Avg Speed: 0.23 M/s, Max Resolution: 1920x1080
Category: 📺央视频道, Name: CCTV-11, Total: 14, Valid: 9, Valid Percent: 64.29%, IPv4: 14, IPv6: 0, Min Delay: 30 ms, Max Speed: 33.64 M/s, Avg Speed: 4.03 M/s, Max Resolution: 1920x1080
Category: 📺央视频道, Name: CCTV-12, Total: 17, Valid: 9, Valid Percent: 52.94%, IPv4: 17, IPv6: 0, Min Delay: 31 ms, Max Speed: 35.47 M/s, Avg Speed: 4.12 M/s, Max Resolution: 1920x1080
Category: 📺央视频道, Name: CCTV-13, Total: 19, Valid: 10, Valid Percent: 52.63%, IPv4: 19, IPv6: 0, Min Delay: 31 ms, Max Speed: 33.56 M/s, Avg Speed: 3.48 M/s, Max Resolution: 1920x1080
Category: 📺央视频道, Name: CCTV-14, Total: 16, Valid: 9, Valid Percent: 56.25%, IPv4: 16, IPv6: 0, Min Delay: 56 ms, Max Speed: 17.35 M/s, Avg Speed: 2.58 M/s, Max Resolution: 1920x1080
Category: 📺央视频道, Name: CCTV-15, Total: 25, Valid: 12, Valid Percent: 48.00%, IPv4: 25, IPv6: 0, Min Delay: 79 ms, Max Speed: 14.89 M/s, Avg Speed: 1.42 M/s, Max Resolution: 1920x1080
Category: 📺央视频道, Name: CCTV-16, Total: 12, Valid: 10, Valid Percent: 83.33%, IPv4: 12, IPv6: 0, Min Delay: 69 ms, Max Speed: 15.88 M/s, Avg Speed: 1.86 M/s, Max Resolution: 1920x1080
Category: 📺央视频道, Name: CCTV-17, Total: 14, Valid: 7, Valid Percent: 50.00%, IPv4: 14, IPv6: 0, Min Delay: 173 ms, Max Speed: 10.94 M/s, Avg Speed: 1.81 M/s, Max Resolution: 1920x1080
Category: 📺央视频道, Name: CETV-1, Total: 11, Valid: 2, Valid Percent: 18.18%, IPv4: 11, IPv6: 0, Min Delay: 69 ms, Max Speed: 14.71 M/s, Avg Speed: 7.43 M/s, Max Resolution: 1920x1080
Category: 📺央视频道, Name: CETV-2, Total: 11, Valid: 1, Valid Percent: 9.09%, IPv4: 11, IPv6: 0, Min Delay: 72 ms, Max Speed: 15.91 M/s, Avg Speed: 15.91 M/s, Max Resolution: 1920x1080
Category: 📺央视频道, Name: CETV-3, Total: 3, Valid: 0, Valid Percent: 0.00%, IPv4: 3, IPv6: 0, Min Delay: -1 ms, Max Speed: 0.00 M/s, Avg Speed: 0.00 M/s, Max Resolution: None
Category: 📺央视频道, Name: CETV-4, Total: 11, Valid: 2, Valid Percent: 18.18%, IPv4: 11, IPv6: 0, Min Delay: 57 ms, Max Speed: 17.63 M/s, Avg Speed: 8.89 M/s, Max Resolution: 1920x1080
Category: 📡卫视频道, Name: 香港卫视, Total: 9, Valid: 0, Valid Percent: 0.00%, IPv4: 9, IPv6: 0, Min Delay: -1 ms, Max Speed: 0.00 M/s, Avg Speed: 0.00 M/s, Max Resolution: None
Category: 📡卫视频道, Name: 广东卫视, Total: 18, Valid: 13, Valid Percent: 72.22%, IPv4: 18, IPv6: 0, Min Delay: 56 ms, Max Speed: 140.54 M/s, Avg Speed: 13.07 M/s, Max Resolution: 1920x1080
Category: 📡卫视频道, Name: 浙江卫视, Total: 13, Valid: 9, Valid Percent: 69.23%, IPv4: 13, IPv6: 0, Min Delay: 67 ms, Max Speed: 17.19 M/s, Avg Speed: 2.70 M/s, Max Resolution: 1920x1080
Category: 📡卫视频道, Name: 湖南卫视, Total: 13, Valid: 10, Valid Percent: 76.92%, IPv4: 13, IPv6: 0, Min Delay: 9 ms, Max Speed: 43.93 M/s, Avg Speed: 8.66 M/s, Max Resolution: 3840x2160
Category: 📡卫视频道, Name: 北京卫视, Total: 17, Valid: 11, Valid Percent: 64.71%, IPv4: 17, IPv6: 0, Min Delay: 8 ms, Max Speed: 19.20 M/s, Avg Speed: 3.14 M/s, Max Resolution: 1920x1080
Category: 📡卫视频道, Name: 湖北卫视, Total: 14, Valid: 10, Valid Percent: 71.43%, IPv4: 14, IPv6: 0, Min Delay: 73 ms, Max Speed: 15.50 M/s, Avg Speed: 2.04 M/s, Max Resolution: 1920x1080
Category: 📡卫视频道, Name: 黑龙江卫视, Total: 9, Valid: 7, Valid Percent: 77.78%, IPv4: 9, IPv6: 0, Min Delay: 56 ms, Max Speed: 18.19 M/s, Avg Speed: 3.13 M/s, Max Resolution: 1920x1080
Category: 📡卫视频道, Name: 安徽卫视, Total: 13, Valid: 9, Valid Percent: 69.23%, IPv4: 13, IPv6: 0, Min Delay: 53 ms, Max Speed: 17.92 M/s, Avg Speed: 2.31 M/s, Max Resolution: 1920x1080
Category: 📡卫视频道, Name: 重庆卫视, Total: 11, Valid: 8, Valid Percent: 72.73%, IPv4: 11, IPv6: 0, Min Delay: 620 ms, Max Speed: 4.13 M/s, Avg Speed: 0.62 M/s, Max Resolution: 1920x1080
Category: 📡卫视频道, Name: 东方卫视, Total: 14, Valid: 10, Valid Percent: 71.43%, IPv4: 14, IPv6: 0, Min Delay: 230 ms, Max Speed: 25.86 M/s, Avg Speed: 4.40 M/s, Max Resolution: 1920x1080
Category: 📡卫视频道, Name: 东南卫视, Total: 11, Valid: 6, Valid Percent: 54.55%, IPv4: 11, IPv6: 0, Min Delay: 1017 ms, Max Speed: 1.16 M/s, Avg Speed: 0.23 M/s, Max Resolution: 1920x1080
Category: 📡卫视频道, Name: 甘肃卫视, Total: 10, Valid: 7, Valid Percent: 70.00%, IPv4: 10, IPv6: 0, Min Delay: 77 ms, Max Speed: 15.38 M/s, Avg Speed: 3.05 M/s, Max Resolution: 1920x1080
Category: 📡卫视频道, Name: 广西卫视, Total: 11, Valid: 8, Valid Percent: 72.73%, IPv4: 11, IPv6: 0, Min Delay: 61 ms, Max Speed: 17.40 M/s, Avg Speed: 3.18 M/s, Max Resolution: 1920x1080
Category: 📡卫视频道, Name: 贵州卫视, Total: 13, Valid: 7, Valid Percent: 53.85%, IPv4: 13, IPv6: 0, Min Delay: 72 ms, Max Speed: 17.78 M/s, Avg Speed: 3.37 M/s, Max Resolution: 1920x1080
Category: 📡卫视频道, Name: 海南卫视, Total: 12, Valid: 9, Valid Percent: 75.00%, IPv4: 12, IPv6: 0, Min Delay: 55 ms, Max Speed: 17.49 M/s, Avg Speed: 2.10 M/s, Max Resolution: 1920x1080
Category: 📡卫视频道, Name: 河北卫视, Total: 12, Valid: 8, Valid Percent: 66.67%, IPv4: 12, IPv6: 0, Min Delay: 6401 ms, Max Speed: 0.16 M/s, Avg Speed: 0.08 M/s, Max Resolution: 1920x1080
Category: 📡卫视频道, Name: 河南卫视, Total: 11, Valid: 10, Valid Percent: 90.91%, IPv4: 11, IPv6: 0, Min Delay: 14 ms, Max Speed: 39.41 M/s, Avg Speed: 5.61 M/s, Max Resolution: 1920x1080
Category: 📡卫视频道, Name: 吉林卫视, Total: 12, Valid: 7, Valid Percent: 58.33%, IPv4: 12, IPv6: 0, Min Delay: 1551 ms, Max Speed: 2.00 M/s, Avg Speed: 0.46 M/s, Max Resolution: 1920x1080
Category: 📡卫视频道, Name: 江苏卫视, Total: 13, Valid: 8, Valid Percent: 61.54%, IPv4: 13, IPv6: 0, Min Delay: 1130 ms, Max Speed: 4.04 M/s, Avg Speed: 0.97 M/s, Max Resolution: 1920x1080
Category: 📡卫视频道, Name: 江西卫视, Total: 12, Valid: 8, Valid Percent: 66.67%, IPv4: 12, IPv6: 0, Min Delay: 1045 ms, Max Speed: 4.17 M/s, Avg Speed: 0.71 M/s, Max Resolution: 1920x1080
Category: 📡卫视频道, Name: 辽宁卫视, Total: 15, Valid: 10, Valid Percent: 66.67%, IPv4: 15, IPv6: 0, Min Delay: 58 ms, Max Speed: 18.61 M/s, Avg Speed: 2.09 M/s, Max Resolution: 1920x1080
Category: 📡卫视频道, Name: 宁夏卫视, Total: 10, Valid: 4, Valid Percent: 40.00%, IPv4: 10, IPv6: 0, Min Delay: 30 ms, Max Speed: 32.95 M/s, Avg Speed: 8.65 M/s, Max Resolution: 1920x1080
Category: 📡卫视频道, Name: 内蒙古卫视, Total: 13, Valid: 6, Valid Percent: 46.15%, IPv4: 13, IPv6: 0, Min Delay: 72 ms, Max Speed: 16.34 M/s, Avg Speed: 2.80 M/s, Max Resolution: 1920x1080
Category: 📡卫视频道, Name: 青海卫视, Total: 11, Valid: 5, Valid Percent: 45.45%, IPv4: 11, IPv6: 0, Min Delay: 190 ms, Max Speed: 8.79 M/s, Avg Speed: 1.85 M/s, Max Resolution: 1920x1080
Category: 📡卫视频道, Name: 山东卫视, Total: 12, Valid: 9, Valid Percent: 75.00%, IPv4: 12, IPv6: 0, Min Delay: 72 ms, Max Speed: 15.69 M/s, Avg Speed: 2.02 M/s, Max Resolution: 1920x1080
Category: 📡卫视频道, Name: 山西卫视, Total: 11, Valid: 9, Valid Percent: 81.82%, IPv4: 11, IPv6: 0, Min Delay: 57 ms, Max Speed: 15.63 M/s, Avg Speed: 2.35 M/s, Max Resolution: 1920x1080
Category: 📡卫视频道, Name: 陕西卫视, Total: 10, Valid: 5, Valid Percent: 50.00%, IPv4: 10, IPv6: 0, Min Delay: 69 ms, Max Speed: 14.75 M/s, Avg Speed: 3.63 M/s, Max Resolution: 1920x1080
Category: 📡卫视频道, Name: 四川卫视, Total: 14, Valid: 9, Valid Percent: 64.29%, IPv4: 14, IPv6: 0, Min Delay: 9 ms, Max Speed: 14.36 M/s, Avg Speed: 3.22 M/s, Max Resolution: 1920x1080
Category: 📡卫视频道, Name: 三沙卫视, Total: 4, Valid: 3, Valid Percent: 75.00%, IPv4: 4, IPv6: 0, Min Delay: 1005 ms, Max Speed: 0.87 M/s, Avg Speed: 0.43 M/s, Max Resolution: 1920x1080
Category: 📡卫视频道, Name: 深圳卫视, Total: 19, Valid: 13, Valid Percent: 68.42%, IPv4: 19, IPv6: 0, Min Delay: 55 ms, Max Speed: 17.85 M/s, Avg Speed: 2.59 M/s, Max Resolution: 1920x1080
Category: 📡卫视频道, Name: 天津卫视, Total: 18, Valid: 12, Valid Percent: 66.67%, IPv4: 18, IPv6: 0, Min Delay: 63 ms, Max Speed: 15.51 M/s, Avg Speed: 1.51 M/s, Max Resolution: 1920x1080
Category: 📡卫视频道, Name: 西藏卫视, Total: 11, Valid: 7, Valid Percent: 63.64%, IPv4: 11, IPv6: 0, Min Delay: 67 ms, Max Speed: 16.31 M/s, Avg Speed: 2.47 M/s, Max Resolution: 1920x1080
Category: 📡卫视频道, Name: 新疆卫视, Total: 19, Valid: 7, Valid Percent: 36.84%, IPv4: 19, IPv6: 0, Min Delay: 62 ms, Max Speed: 16.93 M/s, Avg Speed: 2.74 M/s, Max Resolution: 1920x1080
Category: 📡卫视频道, Name: 云南卫视, Total: 14, Valid: 10, Valid Percent: 71.43%, IPv4: 14, IPv6: 0, Min Delay: 86 ms, Max Speed: 14.95 M/s, Avg Speed: 2.19 M/s, Max Resolution: 1920x1080
Category: ☘️广东频道, Name: 广东珠江, Total: 3, Valid: 3, Valid Percent: 100.00%, IPv4: 3, IPv6: 0, Min Delay: 10053 ms, Max Speed: 0.11 M/s, Avg Speed: 0.04 M/s, Max Resolution: 1920x1080
Category: ☘️广东频道, Name: 广东体育, Total: 11, Valid: 5, Valid Percent: 45.45%, IPv4: 11, IPv6: 0, Min Delay: 1014 ms, Max Speed: 0.56 M/s, Avg Speed: 0.14 M/s, Max Resolution: 1280x720
Category: ☘️广东频道, Name: 广东民生, Total: 2, Valid: 1, Valid Percent: 50.00%, IPv4: 2, IPv6: 0, Min Delay: 554 ms, Max Speed: 0.01 M/s, Avg Speed: 0.01 M/s, Max Resolution: None
Category: ☘️广东频道, Name: 广东新闻, Total: 5, Valid: 1, Valid Percent: 20.00%, IPv4: 5, IPv6: 0, Min Delay: 544 ms, Max Speed: 0.00 M/s, Avg Speed: 0.00 M/s, Max Resolution: None
Category: ☘️广东频道, Name: 广州综合, Total: 5, Valid: 4, Valid Percent: 80.00%, IPv4: 5, IPv6: 0, Min Delay: 1635 ms, Max Speed: 0.52 M/s, Avg Speed: 0.35 M/s, Max Resolution: 1280x720
Category: ☘️广东频道, Name: 大湾区卫视, Total: 4, Valid: 4, Valid Percent: 100.00%, IPv4: 4, IPv6: 0, Min Delay: 31 ms, Max Speed: 34.38 M/s, Avg Speed: 8.81 M/s, Max Resolution: 1920x1080
Category: ☘️广东频道, Name: 广州影视, Total: 2, Valid: 0, Valid Percent: 0.00%, IPv4: 2, IPv6: 0, Min Delay: -1 ms, Max Speed: 0.00 M/s, Avg Speed: 0.00 M/s, Max Resolution: None
Category: ☘️广东频道, Name: 广州竞赛, Total: 3, Valid: 1, Valid Percent: 33.33%, IPv4: 3, IPv6: 0, Min Delay: 579 ms, Max Speed: 5.48 M/s, Avg Speed: 5.48 M/s, Max Resolution: 1280x720
Category: ☘️广东频道, Name: 江门综合, Total: 2, Valid: 0, Valid Percent: 0.00%, IPv4: 2, IPv6: 0, Min Delay: -1 ms, Max Speed: 0.00 M/s, Avg Speed: 0.00 M/s, Max Resolution: None
Category: ☘️广东频道, Name: 佛山综合, Total: 2, Valid: 0, Valid Percent: 0.00%, IPv4: 2, IPv6: 0, Min Delay: -1 ms, Max Speed: 0.00 M/s, Avg Speed: 0.00 M/s, Max Resolution: None
